<!DOCTYPE html>
<html lang="hu">
<head>
    <meta charset="UTF-8">
    <link rel="stylesheet" type="text/css" href="css/goldi.css">
    <meta http-equiv="X-UA-Compatible" content="IE=edge">
    <meta name="viewport" content="width=device-width, initial-scale=1.0">
    <title>Golden Retrieverek - Kezdőlap</title>
</head>
<body>
<p class="menu"><a href="index.html">Kezdőlap</a> 
<a href="tipusok.html"> Típusok</a></p>
<h1 id="eleje">A golden retriever bemutatása</h1>
<h2>Előnyös tulajdonságai</h2>
<h2>Goldi, a kutyám</h2>
<p>A <b>golden retriever</b> egy kedves, barátságos kutyafajta,
mely Skóciából származik. <br>A fajta tudományos megnevezése:
golden retriever - <i>Canis lupus familiaris.</i></p>

<p><strong>Fontos!</strong> Ha gazdi szeretnél lenni, nézz utána,
hogy a <em>felelős</em> kutyatartással kapcsolatban milyen ajánlások
és kötelezettségek vannak!</p>
<ul>
    <li>Okos, könnyen képezhető</li>
    <li>Szelíd, családbarát</li>
    <li>Nagyon jó vadászkutya</li>
</ul>
<img src="img/goldi.jpg" height="200" alt="A kutyám, aki egy golden retriever." title="Goldi, a kutyám (felnőttkorában)">
<img src="img/kolyok.jpg" height="200" alt="A kutyám kölyökkorában." title="Goldi, a kutyám (kölyökkorában)">
<p>Ha szeretnél még több kutyás fotót nézegetni, látogasd meg a
<a href="http://tiny.cc/goldipix">Pixabay portál - Goldenek</a>
fotó oldalát!</p>   
<video controls width="400">
    <source src="./video/goldiseta.mp4" type="video/mp4">
</video> 
<p>A videón is láthatod, hogy Goldi nagyon szeret a földön hemperegni, amely miatt általában koszosan jövünk haza a sétából.</p>
   
<p><a href="#eleje">Vissza az oldal tetejére</a></p>

</body>
</html>