<!DOCTYPE html>
<html lang="en">
<head>
    <meta charset="UTF-8">
    <meta http-equiv="X-UA-Compatible" content="IE=edge">
    <meta name="viewport" content="width=device-width, initial-scale=1.0">
    <title>Golden Retvriver bemutatása</title>
</head>
<body>
<p class="menu"><a href="index.html">Kezdőlap</a> 
<a href="tipusok.html"> Típusok</a></p>
<table>
    <caption>A Golden Retriever típusai</caption>
    <tr>
        <th>Típus</th>
        <th>Típus leírása</th>
    </tr>
    <tr>
        <td>Munkatípus</td>
        <td>Könnyedebb felépítésű. Vékonyabb , hosszabb fej, sötétebb szőrszín, élénk temperamentum, karcsúbb, ruganyosabb, gyorsabb.</td>
    </tr>
    <tr>
        <td>Kiállítási típus</td>
        <td>Dúsabb, hosszabb szőrzet, robusztusabb felépítés, világosabb szőrszín, határozottabb.</td>
    </tr>
    <tr>
        <td>Európai típus</td>
        <td>Szőrszíne az arany világosabb árnyalata. Rövidebb szőrű, mint az amerikai. Lába rövidebb az amerikainál, így megjelenése zömökebb. Jól pigmentált. Jó szögellésű elöl, hátul.</td>
    </tr>
    <tr>
        <td>Amerikai típus</td>
        <td>Orr és fej része finomabb. Színe középarany, rézvörös, de sosem krém. Mellső szögellései szerényebbek, hátul olykor túlszögelt.
            Forrás: <href a="https://hu.wikipedia.org/wiki/Golden_retriever"></href></td>
    </tr>
</table>
</body>
</html>